// Jest Snapshot v1, https://goo.gl/fbAQLP

exports[`expect to render MainPage without crashing 1`] = `
<div
  className="tc"
>
  <Header />
  <SearchBox />
  <Scroll>
    <CardList
      robots={Array []}
    />
  </Scroll>
</div>
`;
